// Jest Snapshot v1, https://goo.gl/fbAQLP

exports[`Link renders correctly 1`] = `
<View
  style={
    {
      "alignItems": "center",
      "flexDirection": "row",
      "marginBottom": 10,
    }
  }
>
  <Image
    accessibilityRole="image"
    source={
      {
        "testUri": "../../../assets/instagram.png",
      }
    }
    style={
      {
        "height": 20,
        "width": 20,
      }
    }
  />
  <Text
    onPress={[Function]}
    style={
      {
        "marginLeft": 10,
      }
    }
  >
    John Doe's Instagram
  </Text>
  <View
    accessibilityRole="button"
    accessible={true}
    collapsable={false}
    focusable={false}
    onClick={[Function]}
    onResponderGrant={[Function]}
    onResponderMove={[Function]}
    onResponderRelease={[Function]}
    onResponderTerminate={[Function]}
    onResponderTerminationRequest={[Function]}
    onStartShouldSetResponder={[Function]}
    style={
      {
        "opacity": 1,
      }
    }
  >
    <View
      style={
        [
          {},
        ]
      }
    >
      <Text
        style={
          [
            {
              "color": "#007AFF",
              "fontSize": 18,
              "margin": 8,
              "textAlign": "center",
            },
          ]
        }
      >
        Test !
      </Text>
    </View>
  </View>
</View>
`;
